[colorlib.com/preview/theme/minishop/index.html]
[backblue.gif]
[fade.gif]
[index.html]
[colorlib.com/preview/theme/minishop/css/open-iconic-bootstrap.min.css]
[colorlib.com/preview/theme/minishop/css/animate.css]
[colorlib.com/preview/theme/minishop/css/owl.carousel.min.css]
[colorlib.com/preview/theme/minishop/css/owl.theme.default.min.css]
[colorlib.com/preview/theme/minishop/css/magnific-popup.css]
[colorlib.com/preview/theme/minishop/css/aos.css]
[colorlib.com/preview/theme/minishop/css/ionicons.min.css]
[colorlib.com/preview/theme/minishop/css/bootstrap-datepicker.css]
[colorlib.com/preview/theme/minishop/css/jquery.timepicker.css]
[colorlib.com/preview/theme/minishop/css/flaticon.css]
[colorlib.com/preview/theme/minishop/css/icomoon.css]
[colorlib.com/preview/theme/minishop/css/style.css]
[colorlib.com/preview/theme/minishop/index-2.html]
[colorlib.com/preview/theme/minishop/shop.html]
[colorlib.com/preview/theme/minishop/product-single.html]
[colorlib.com/preview/theme/minishop/cart.html]
[colorlib.com/preview/theme/minishop/checkout.html]
[colorlib.com/preview/theme/minishop/about.html]
[colorlib.com/preview/theme/minishop/blog.html]
[colorlib.com/preview/theme/minishop/contact.html]
[colorlib.com/preview/theme/minishop/images/bg_1.png]
[colorlib.com/preview/theme/minishop/images/bg_2.png]
[colorlib.com/preview/theme/minishop/images/product-1.png]
[colorlib.com/preview/theme/minishop/images/product-2.png]
[colorlib.com/preview/theme/minishop/images/product-3.png]
[colorlib.com/preview/theme/minishop/images/product-4.png]
[colorlib.com/preview/theme/minishop/images/product-5.png]
[colorlib.com/preview/theme/minishop/images/product-6.png]
[colorlib.com/preview/theme/minishop/images/product-7.png]
[colorlib.com/preview/theme/minishop/images/product-8.png]
[colorlib.com/preview/theme/minishop/images/choose-1.jpg]
[colorlib.com/preview/theme/minishop/images/choose-2.jpg]
[colorlib.com/preview/theme/minishop/images/choose-3.jpg]
[colorlib.com/preview/theme/minishop/images/prod-1.png]
[colorlib.com/preview/theme/minishop/images/person_1.jpg]
[colorlib.com/preview/theme/minishop/images/person_2.jpg]
[colorlib.com/preview/theme/minishop/images/person_3.jpg]
[colorlib.com/preview/theme/minishop/images/gallery-1.jpg]
[colorlib.com/preview/theme/minishop/images/gallery-2.jpg]
[colorlib.com/preview/theme/minishop/images/gallery-3.jpg]
[colorlib.com/preview/theme/minishop/images/gallery-4.jpg]
[colorlib.com/preview/theme/minishop/images/gallery-5.jpg]
[colorlib.com/preview/theme/minishop/images/gallery-6.jpg]
[colorlib.com/cdn-cgi/scripts/5c5dd728/cloudflare-static/email-decode.min.js]
[colorlib.com/preview/theme/minishop/js/jquery.min.js]
[colorlib.com/preview/theme/minishop/js/jquery-migrate-3.0.1.min.js]
[colorlib.com/preview/theme/minishop/js/popper.min.js]
[colorlib.com/preview/theme/minishop/js/bootstrap.min.js]
[colorlib.com/preview/theme/minishop/js/jquery.easing.1.3.js]
[colorlib.com/preview/theme/minishop/js/jquery.waypoints.min.js]
[colorlib.com/preview/theme/minishop/js/jquery.stellar.min.js]
[colorlib.com/preview/theme/minishop/js/owl.carousel.min.js]
[colorlib.com/preview/theme/minishop/js/jquery.magnific-popup.min.js]
[colorlib.com/preview/theme/minishop/js/aos.js]
[colorlib.com/preview/theme/minishop/js/jquery.animateNumber.min.js]
[colorlib.com/preview/theme/minishop/js/bootstrap-datepicker.js]
[colorlib.com/preview/theme/minishop/js/scrollax.min.js]
[colorlib.com/preview/theme/minishop/js/google-map.js]
[colorlib.com/preview/theme/minishop/js/main.js]
[colorlib.com/preview/theme/minishop/index.html]
[ajax.cloudflare.com/cdn-cgi/scripts/95c75768/cloudflare-static/rocket-loader.min.js]
[colorlib.com/preview/theme/minishop/fonts/open-iconic/open-iconic.eot]
[colorlib.com/preview/theme/minishop/fonts/open-iconic/open-iconicd41d.eot]
[colorlib.com/preview/theme/minishop/fonts/open-iconic/open-iconic.woff]
[colorlib.com/preview/theme/minishop/fonts/open-iconic/open-iconic.ttf]
[colorlib.com/preview/theme/minishop/fonts/open-iconic/open-iconic.otf]
[colorlib.com/preview/theme/minishop/css/open-iconic-bootstrap.min.css]
[colorlib.com/preview/theme/minishop/css/animate.css]
[colorlib.com/preview/theme/minishop/fonts/open-iconic/open-iconic.svg]
[colorlib.com/preview/theme/minishop/css/owl.video.play.png]
[colorlib.com/preview/theme/minishop/css/owl.carousel.min.css]
[colorlib.com/preview/theme/minishop/css/owl.theme.default.min.css]
[colorlib.com/preview/theme/minishop/css/magnific-popup.css]
[colorlib.com/preview/theme/minishop/css/aos.css]
[colorlib.com/preview/theme/minishop/fonts/ionicons/fonts/ionicons580c.eot]
[colorlib.com/preview/theme/minishop/fonts/ionicons/fonts/ionicons580c.woff2]
[colorlib.com/preview/theme/minishop/fonts/ionicons/fonts/ionicons580c.woff]
[colorlib.com/preview/theme/minishop/fonts/ionicons/fonts/ionicons580c.ttf]
[colorlib.com/preview/theme/minishop/css/ionicons.min.css]
[colorlib.com/preview/theme/minishop/css/bootstrap-datepicker.css]
[colorlib.com/preview/theme/minishop/css/jquery.timepicker.css]
[colorlib.com/preview/theme/minishop/fonts/ionicons/fonts/ionicons580c.svg]
[colorlib.com/preview/theme/minishop/fonts/flaticon/font/Flaticon.eot]
[colorlib.com/preview/theme/minishop/fonts/flaticon/font/Flaticond41d.eot]
[colorlib.com/preview/theme/minishop/fonts/flaticon/font/Flaticon.woff]
[colorlib.com/preview/theme/minishop/fonts/flaticon/font/Flaticon.ttf]
[colorlib.com/preview/theme/minishop/css/flaticon.css]
[colorlib.com/preview/theme/minishop/fonts/flaticon/font/Flaticon.svg]
[colorlib.com/preview/theme/minishop/fonts/icomoon/icomoonccfb.eot]
[colorlib.com/preview/theme/minishop/fonts/icomoon/icomoonccfb.ttf]
[colorlib.com/preview/theme/minishop/fonts/icomoon/icomoonccfb.woff]
[colorlib.com/preview/theme/minishop/css/icomoon.css]
[colorlib.com/preview/theme/minishop/css/style.css]
[colorlib.com/preview/theme/minishop/index-2.html]
[colorlib.com/preview/theme/minishop/fonts/icomoon/icomoonccfb.svg]
[colorlib.com/preview/theme/minishop/images/bg_6.jpg]
[colorlib.com/preview/theme/minishop/shop.html]
[colorlib.com/preview/theme/minishop/product-single.html]
[colorlib.com/preview/theme/minishop/images/product-3.jpg]
[colorlib.com/preview/theme/minishop/images/product-4.jpg]
[colorlib.com/preview/theme/minishop/cart.html]
[colorlib.com/preview/theme/minishop/checkout.html]
[colorlib.com/preview/theme/minishop/images/about.jpg]
[colorlib.com/preview/theme/minishop/about.html]
[colorlib.com/preview/theme/minishop/blog-single.html]
[colorlib.com/preview/theme/minishop/images/image_1.jpg]
[colorlib.com/preview/theme/minishop/images/image_2.jpg]
[colorlib.com/preview/theme/minishop/images/image_3.jpg]
[colorlib.com/preview/theme/minishop/images/image_5.jpg]
[colorlib.com/preview/theme/minishop/images/image_6.jpg]
[colorlib.com/preview/theme/minishop/blog.html]
[colorlib.com/preview/theme/minishop/contact.html]
[colorlib.com/preview/theme/minishop/fonts/open-iconic/open-iconic.svg]
[colorlib.com/preview/theme/minishop/css/owl.video.play.html]
[colorlib.com/preview/theme/minishop/fonts/ionicons/fonts/ionicons580c.svg]
[colorlib.com/preview/theme/minishop/fonts/flaticon/font/Flaticon.svg]
[colorlib.com/preview/theme/minishop/fonts/icomoon/icomoonccfb.svg]
[colorlib.com/preview/theme/minishop/blog-single.html]
